/home/roddy/.pyenv/versions/3.11.8/lib/python3.11/site-packages/pytest_asyncio/plugin.py:208: PytestDeprecationWarning: The configuration option "asyncio_default_fixture_loop_scope" is unset.
The event loop scope for asynchronous fixtures will default to the fixture caching scope. Future versions of pytest-asyncio will default the loop scope for asynchronous fixtures to function scope. Set the default fixture loop scope explicitly in order to avoid unexpected behavior in the future. Valid fixture loop scopes are: "function", "class", "module", "package", "session"

  warnings.warn(PytestDeprecationWarning(_DEFAULT_FIXTURE_LOOP_SCOPE_UNSET))
============================= test session starts ==============================
platform linux -- Python 3.11.8, pytest-8.3.3, pluggy-1.6.0 -- /home/roddy/.pyenv/versions/3.11.8/bin/python
cachedir: .pytest_cache
rootdir: /home/roddy/GW2_WvWbuilder/backend/tests
configfile: pytest.ini
plugins: Faker-37.8.0, anyio-4.11.0, xdist-3.8.0, mock-3.15.1, env-1.1.5, sqlalchemy-0.3.0, asyncio-0.24.0, cov-5.0.0
asyncio: mode=Mode.STRICT, default_loop_scope=None
collecting ... /home/roddy/.pyenv/versions/3.11.8/lib/python3.11/site-packages/coverage/report_core.py:109: CoverageWarning: Couldn't parse Python file '/home/roddy/GW2_WvWbuilder/backend/app/core/utils.py' (couldnt-parse)
  coverage._warn(msg, slug="couldnt-parse")
collected 0 items / 1 error

==================================== ERRORS ====================================
_______________ ERROR collecting unit/api/test_deps_enhanced.py ________________
ImportError while importing test module '/home/roddy/GW2_WvWbuilder/backend/tests/unit/api/test_deps_enhanced.py'.
Hint: make sure your test modules/packages have valid Python names.
Traceback:
../../.pyenv/versions/3.11.8/lib/python3.11/site-packages/_pytest/python.py:493: in importtestmodule
    mod = import_path(
../../.pyenv/versions/3.11.8/lib/python3.11/site-packages/_pytest/pathlib.py:582: in import_path
    importlib.import_module(module_name)
../../.pyenv/versions/3.11.8/lib/python3.11/importlib/__init__.py:126: in import_module
    return _bootstrap._gcd_import(name[level:], package, level)
<frozen importlib._bootstrap>:1204: in _gcd_import
    ???
<frozen importlib._bootstrap>:1176: in _find_and_load
    ???
<frozen importlib._bootstrap>:1147: in _find_and_load_unlocked
    ???
<frozen importlib._bootstrap>:690: in _load_unlocked
    ???
../../.pyenv/versions/3.11.8/lib/python3.11/site-packages/_pytest/assertion/rewrite.py:184: in exec_module
    exec(co, module.__dict__)
tests/unit/api/test_deps_enhanced.py:29: in <module>
    from app.core.exceptions import (
E   ImportError: cannot import name 'PermissionDeniedException' from 'app.core.exceptions' (/home/roddy/GW2_WvWbuilder/backend/app/core/exceptions.py)
------------------------------- Captured stdout --------------------------------
2025-10-08 11:22:53 - app.core.logging - WARNING - La configuration de la journalisation n'a pas été initialisée. Utilisation de la configuration par défaut. Appelez setup_logging().

---------- coverage: platform linux, python 3.11.8-final-0 -----------
Name                                       Stmts   Miss  Cover   Missing
------------------------------------------------------------------------
app/__init__.py                               22      0   100%
app/api/__init__.py                            0      0   100%
app/api/api_v1/api.py                         13      0   100%
app/api/api_v1/endpoints/__init__.py           5      0   100%
app/api/api_v1/endpoints/auth.py              22      8    64%   26-44
app/api/api_v1/endpoints/builds.py           116     87    25%   119-133, 176-346, 425-434, 464-483, 505-524, 551-567
app/api/api_v1/endpoints/compositions.py     105     85    19%   17-59, 79-108, 117-131, 147-162, 177-194, 206-214, 228-251, 263-282
app/api/api_v1/endpoints/health.py            14      6    57%   21-28
app/api/api_v1/endpoints/professions.py       98     69    30%   23-24, 37-44, 55-58, 72-76, 89-93, 114-123, 147-163, 188-208, 220-223, 242-270, 288-301
app/api/api_v1/endpoints/roles.py             38     21    45%   22-23, 36-43, 57-61, 72-78, 91-95
app/api/api_v1/endpoints/tags.py              74     51    31%   33-50, 72-75, 88-98, 112-125, 139-167, 180-202
app/api/api_v1/endpoints/team_members.py      87     67    23%   38-102, 118-172, 187-240
app/api/api_v1/endpoints/teams.py             80     54    32%   36-48, 61-72, 84-105, 119-144, 157-177, 190-205, 218-244
app/api/api_v1/endpoints/users.py             66     43    35%   23-24, 37-44, 57-58, 69, 82-100, 114-121, 136-151, 166-181
app/api/dependencies.py                       55     55     0%   7-193
app/api/deps.py                               72     50    31%   32-36, 59-96, 114-116, 134-136, 152, 175-217, 239-247
app/api/exception_handlers.py                 23     23     0%   3-49
app/api/middleware.py                         79     79     0%   7-245
app/config.py                                 23     23     0%   1-36
app/core/__init__.py                           5      0   100%
app/core/cache.py                             37     20    46%   17-18, 31-54
app/core/caching.py                          100     88    12%   25-183, 196-228
app/core/config.py                           118     21    82%   60, 70, 89-92, 98-101, 106-108, 113, 126, 204-210, 224
app/core/deps.py                              30     30     0%   4-68
app/core/exceptions.py                        53      8    85%   15-17, 29-33
app/core/hashing.py                           13      6    54%   25-27, 38, 52-53
app/core/logging.py                           37      9    76%   59-61, 140-155
app/core/logging_config.py                    54     15    72%   20-21, 32-58, 86-88, 103
app/core/middleware.py                        64     38    41%   23-28, 38-57, 67-126, 139-142, 148-186, 213, 222
app/core/pagination.py                        28      4    86%   22, 27, 57, 76
app/core/security.py                         113     91    19%   36-58, 76-83, 99-122, 145-166, 187-234, 253-257, 275-280, 296-339
app/core/webhook_helpers.py                    8      3    62%   17-19
app/crud/__init__.py                          15      0   100%
app/crud/base.py                              91     66    27%   48-51, 67-74, 88-97, 118-131, 143-147, 164-168, 184-192, 206-215, 236-249, 261-265
app/crud/base_async.py                        30     16    47%   21-22, 26-28, 38-40, 49-58
app/crud/build.py                            230    230     0%   1-646
app/crud/crud_build.py                       128    108    16%   46-74, 98-131, 155-188, 212-245, 266-284, 304-338, 351-371, 391-423
app/crud/crud_composition.py                 136    113    17%   36-53, 77-110, 129-157, 171-185, 191-206, 212-219, 225-232, 254-288, 309-328, 349-368, 378-392
app/crud/crud_elite_specialization.py        126    107    15%   46-72, 92-120, 139-168, 189-226, 245-253, 273-300, 313-326, 344-375
app/crud/crud_permission.py                   16      6    62%   20, 24, 35-40
app/crud/crud_profession.py                  119    100    16%   43-69, 91-121, 145-180, 202-237, 257-265, 285-307, 320-332, 348-377
app/crud/crud_role.py                         14      5    64%   20, 31-36
app/crud/crud_tag.py                         112     93    17%   39-64, 84-109, 131-161, 185-217, 235-243, 263-285, 298-310, 326-354
app/crud/crud_team.py                        140    116    17%   47-74, 94-121, 137-149, 169-185, 198-207, 219-235, 242-257, 281-310, 316-323, 329-336, 360-394, 399-415, 426-447
app/crud/crud_team_member.py                 118     99    16%   46-73, 95-125, 149-181, 205-237, 255-263, 283-311, 324-337, 355-380
app/crud/crud_webhook.py                      26     12    54%   18-24, 29-32, 41-47
app/crud/elite_specialization.py              52     52     0%   1-125
app/crud/profession.py                        45     45     0%   1-104
app/crud/role.py                              59     59     0%   1-150
app/crud/user.py                             113     89    21%   20-21, 27-29, 33-38, 44-50, 54, 60-75, 81-98, 104-116, 122-134, 144-155, 165-176, 180-193, 199-225
app/db/__init__.py                             5      0   100%
app/db/base.py                                 2      0   100%
app/db/base_class.py                          39     12    69%   26, 30, 37-42, 56, 64-66
app/db/db_config.py                           13      1    92%   35
app/db/dependencies.py                        18     12    33%   21-25, 35-43
app/db/factories.py                            5      0   100%
app/db/session.py                             36     17    53%   39-47, 68-72, 83-91
app/main.py                                  106     52    51%   42-79, 104-105, 139, 161-183, 200-215, 230-235, 250-257, 275-286
app/models/__init__.py                        22      0   100%
app/models/association_tables.py               5      0   100%
app/models/base.py                            49      7    86%   34, 37, 41, 46, 79, 111, 116
app/models/build.py                           54     18    67%   112, 115, 123, 148-160, 168-169, 177-178, 189
app/models/composition.py                     37      6    84%   18-21, 72, 76
app/models/composition_tag.py                 19      3    84%   18, 54, 58
app/models/elite_specialization.py            34     10    71%   18-20, 128, 132-149, 153
app/models/enums.py                           94      0   100%
app/models/permission.py                      21      3    86%   18, 44, 48
app/models/profession.py                      47     20    57%   20-21, 106, 117-137, 148-150, 161-166, 174-176, 187
app/models/role.py                            31      7    77%   19-20, 64, 67-69, 72
app/models/tag.py                             21      6    71%   17, 38, 50-69
app/models/team.py                            72     44    39%   17-20, 82, 86, 106-128, 132-150, 154-176
app/models/team_member.py                     28      4    86%   17-18, 49, 57
app/models/token.py                            1      1     0%   7
app/models/token_models.py                    35      6    83%   37, 41-43, 47, 66
app/models/user.py                            42     11    74%   20-25, 103, 106-108, 111
app/models/user_role.py                       17      3    82%   13-14, 34
app/models/webhook.py                         19      1    95%   37
app/schemas/__init__.py                       12      0   100%
app/schemas/build.py                         175     65    63%   132-134, 145-153, 158-169, 211-217, 299-305, 387-458, 614-625
app/schemas/composition.py                   130      3    98%   106-112
app/schemas/elite_specialization.py           45      3    93%   140-142
app/schemas/msg.py                             5      0   100%
app/schemas/permission.py                     21      0   100%
app/schemas/profession.py                    108     20    81%   170-172, 265, 276, 284, 572-574, 649-651, 672-675, 686-688, 700
app/schemas/role.py                           22      0   100%
app/schemas/tag.py                            26      0   100%
app/schemas/team.py                           48      3    94%   91-93
app/schemas/team_member.py                    26      0   100%
app/schemas/token.py                          12      1    92%   31
app/schemas/user.py                           35      0   100%
app/schemas/webhook.py                        24      0   100%
app/worker.py                                 53     32    40%   26-57, 67-73, 90, 93-94
------------------------------------------------------------------------
TOTAL                                       4836   2741    43%
Coverage HTML written to dir htmlcov

FAIL Required test coverage of 90% not reached. Total coverage: 43.32%
=========================== short test summary info ============================
ERROR tests/unit/api/test_deps_enhanced.py
!!!!!!!!!!!!!!!!!!!! Interrupted: 1 error during collection !!!!!!!!!!!!!!!!!!!!
=============================== 1 error in 1.84s ===============================
